Running trace replay: trace=trace_grading_public.jsonl model=LiquidAI/LFM2.5-1.2B-Instruct base_url=http://127.0.0.1:8000
  prefix_overlap=strong (full body shared per conv_id)
Warning: You are sending unauthenticated requests to the HF Hub. Please set a HF_TOKEN to enable higher rate limits and faster downloads.
  [25/420] last=6-0 status=ok
  [50/420] last=10-1 status=ok
  [75/420] last=15-1 status=ok
  [100/420] last=12-5 status=ok
  [125/420] last=18-5 status=ok
  [150/420] last=24-4 status=ok
  [175/420] last=28-4 status=ok
  [200/420] last=33-3 status=ok
  [225/420] last=37-2 status=ok
  [250/420] last=42-1 status=ok
  [275/420] last=42-3 status=ok
  [300/420] last=49-3 status=ok
  [325/420] last=56-0 status=ok
  [350/420] last=58-2 status=ok
  [375/420] last=62-2 status=ok
  [400/420] last=65-3 status=ok
  [420/420] last=69-5 status=ok
Wrote 420 request records to /workspace/lfm-serving/results/batchtok_320_20260717-104505/results.jsonl and /workspace/lfm-serving/results/batchtok_320_20260717-104505/results.csv

=== Summary (scored requests, warmup excluded) ===
  n_requests: 330
  n_errors: 0
  error_rate: 0.0
  ers_mean: 0.23455437853017422
  ers_mean_pct: 23.455437853017422
  ttft_ms_mean: 387.8646367822181
  ttft_ms_p50: 102.84621547907591
  ttft_ms_p95: 1523.7139142118397
  tpot_ms_mean: 8.225011869645195
  tpot_ms_p95: 10.264911495610272
  latency_ms_mean: 1983.3042655817487
  latency_ms_p95: 3132.105211447925
  benchmark_duration_s: 332.9928172715008
  prefix_overlap: strong

Summary written to /workspace/lfm-serving/results/batchtok_320_20260717-104505/summary.json
