Running trace replay: trace=trace_grading_public.jsonl model=LiquidAI/LFM2.5-1.2B-Instruct base_url=http://127.0.0.1:8000
  prefix_overlap=strong (full body shared per conv_id)
Warning: You are sending unauthenticated requests to the HF Hub. Please set a HF_TOKEN to enable higher rate limits and faster downloads.
  [25/420] last=6-0 status=ok
  [50/420] last=10-1 status=ok
  [75/420] last=15-1 status=ok
  [100/420] last=13-5 status=ok
  [125/420] last=22-0 status=ok
  [150/420] last=26-0 status=ok
  [175/420] last=29-2 status=ok
  [200/420] last=33-3 status=ok
  [225/420] last=37-2 status=ok
  [250/420] last=39-4 status=ok
  [275/420] last=48-2 status=ok
  [300/420] last=48-4 status=ok
  [325/420] last=52-5 status=ok
  [350/420] last=55-5 status=ok
  [375/420] last=63-1 status=ok
  [400/420] last=67-1 status=ok
  [420/420] last=69-5 status=ok
Wrote 420 request records to /workspace/lfm-serving/results/perfmode_interactivity_20260717-091020/results.jsonl and /workspace/lfm-serving/results/perfmode_interactivity_20260717-091020/results.csv

=== Summary (scored requests, warmup excluded) ===
  n_requests: 330
  n_errors: 0
  error_rate: 0.0
  ers_mean: 0.5522502881823282
  ers_mean_pct: 55.22502881823282
  ttft_ms_mean: 90.44545005555406
  ttft_ms_p50: 56.26980122178793
  ttft_ms_p95: 241.01149262860417
  tpot_ms_mean: 4.069343015669555
  tpot_ms_p95: 4.854756954354139
  latency_ms_mean: 880.1409283257796
  latency_ms_p95: 1080.940679833293
  benchmark_duration_s: 328.02423136122525
  prefix_overlap: strong

Summary written to /workspace/lfm-serving/results/perfmode_interactivity_20260717-091020/summary.json
