Running trace replay: trace=trace_grading_public.jsonl model=LiquidAI/LFM2.5-1.2B-Instruct base_url=http://127.0.0.1:8000
  prefix_overlap=strong (full body shared per conv_id)
Warning: You are sending unauthenticated requests to the HF Hub. Please set a HF_TOKEN to enable higher rate limits and faster downloads.
  [25/420] last=0-5 status=ok
  [50/420] last=9-1 status=ok
  [75/420] last=14-2 status=ok
  [100/420] last=12-5 status=ok
  [125/420] last=22-0 status=ok
  [150/420] last=22-5 status=ok
  [175/420] last=29-2 status=ok
  [200/420] last=33-3 status=ok
  [225/420] last=37-2 status=ok
  [250/420] last=47-0 status=ok
  [275/420] last=40-5 status=ok
  [300/420] last=43-5 status=ok
  [325/420] last=55-0 status=ok
  [350/420] last=58-2 status=ok
  [375/420] last=63-1 status=ok
  [400/420] last=67-1 status=ok
  [420/420] last=69-5 status=ok
Wrote 420 request records to /workspace/lfm-serving/results/batchtok_224_20260717-095344/results.jsonl and /workspace/lfm-serving/results/batchtok_224_20260717-095344/results.csv

=== Summary (scored requests, warmup excluded) ===
  n_requests: 330
  n_errors: 0
  error_rate: 0.0
  ers_mean: 0.40157102703865977
  ers_mean_pct: 40.157102703865974
  ttft_ms_mean: 159.700784978993
  ttft_ms_p50: 63.824787735939026
  ttft_ms_p95: 456.6799601539973
  tpot_ms_mean: 5.658860230497387
  tpot_ms_p95: 7.21211113765317
  latency_ms_mean: 1254.8289952122352
  latency_ms_p95: 1778.433900512755
  benchmark_duration_s: 329.35388504713774
  prefix_overlap: strong

Summary written to /workspace/lfm-serving/results/batchtok_224_20260717-095344/summary.json
