Running trace replay: trace=trace_grading_public.jsonl model=LiquidAI/LFM2.5-1.2B-Instruct base_url=http://127.0.0.1:8000
Warning: You are sending unauthenticated requests to the HF Hub. Please set a HF_TOKEN to enable higher rate limits and faster downloads.
  [25/420] last=5-2 status=ok
  [50/420] last=9-1 status=ok
  [75/420] last=11-3 status=ok
  [100/420] last=12-5 status=ok
  [125/420] last=23-0 status=ok
  [150/420] last=27-0 status=ok
  [175/420] last=28-4 status=ok
  [200/420] last=33-3 status=ok
  [225/420] last=38-1 status=ok
  [250/420] last=42-1 status=ok
  [275/420] last=43-3 status=ok
  [300/420] last=51-2 status=ok
  [325/420] last=54-2 status=ok
  [350/420] last=58-2 status=ok
  [375/420] last=62-2 status=ok
  [400/420] last=67-1 status=ok
  [420/420] last=69-5 status=ok
Wrote 420 request records to /workspace/lfm-serving/results/best_20260717-075832/results.jsonl and /workspace/lfm-serving/results/best_20260717-075832/results.csv

=== Summary (scored requests, warmup excluded) ===
  n_requests: 330
  n_errors: 0
  error_rate: 0.0
  ers_mean: 0.2735930995687022
  ers_mean_pct: 27.35930995687022
  ttft_ms_mean: 325.8505268078862
  ttft_ms_p50: 90.41381534188986
  ttft_ms_p95: 1359.386217128486
  tpot_ms_mean: 7.523818173540493
  tpot_ms_p95: 9.650959541318048
  latency_ms_mean: 1785.5407801936522
  latency_ms_p95: 3006.2694016844043
  benchmark_duration_s: 328.98262916877866

Summary written to /workspace/lfm-serving/results/best_20260717-075832/summary.json
