Running trace replay: trace=trace_grading_public.jsonl model=LiquidAI/LFM2.5-1.2B-Instruct base_url=http://127.0.0.1:8000
  prefix_overlap=strong (full body shared per conv_id)
  [25/420] last=1-4 status=ok
  [50/420] last=10-1 status=ok
  [75/420] last=14-2 status=ok
  [100/420] last=12-5 status=ok
  [125/420] last=22-0 status=ok
  [150/420] last=26-0 status=ok
  [175/420] last=29-2 status=ok
  [200/420] last=33-3 status=ok
  [225/420] last=37-2 status=ok
  [250/420] last=47-0 status=ok
  [275/420] last=48-2 status=ok
  [300/420] last=53-1 status=ok
  [325/420] last=51-5 status=ok
  [350/420] last=58-2 status=ok
  [375/420] last=62-2 status=ok
  [400/420] last=67-1 status=ok
  [420/420] last=69-5 status=ok
Wrote 420 request records to /workspace/lfm-serving/results/batchtok_384_20260717-105252/results.jsonl and /workspace/lfm-serving/results/batchtok_384_20260717-105252/results.csv

=== Summary (scored requests, warmup excluded) ===
  n_requests: 330
  n_errors: 0
  error_rate: 0.0
  ers_mean: 0.43014647280941215
  ers_mean_pct: 43.01464728094121
  ttft_ms_mean: 134.5313439540791
  ttft_ms_p50: 62.60735169053078
  ttft_ms_p95: 434.5219452865422
  tpot_ms_mean: 5.515618330894024
  tpot_ms_p95: 7.137894498316322
  latency_ms_mean: 1204.7541283296816
  latency_ms_p95: 1706.1029519885778
  benchmark_duration_s: 328.2120345365256
  prefix_overlap: strong

Summary written to /workspace/lfm-serving/results/batchtok_384_20260717-105252/summary.json
