Running trace replay: trace=trace_grading_public.jsonl model=LiquidAI/LFM2.5-1.2B-Instruct base_url=http://127.0.0.1:8000
  prefix_overlap=strong (full body shared per conv_id)
Warning: You are sending unauthenticated requests to the HF Hub. Please set a HF_TOKEN to enable higher rate limits and faster downloads.
  [25/420] last=5-2 status=ok
  [50/420] last=14-0 status=ok
  [75/420] last=18-0 status=ok
  [100/420] last=14-4 status=ok
  [125/420] last=21-2 status=ok
  [150/420] last=26-1 status=ok
  [175/420] last=27-4 status=ok
  [200/420] last=31-5 status=ok
  [225/420] last=36-4 status=ok
  [250/420] last=48-0 status=ok
  [275/420] last=39-5 status=ok
  [300/420] last=47-4 status=ok
  [325/420] last=59-0 status=ok
  [350/420] last=57-3 status=ok
  [375/420] last=62-2 status=ok
  [400/420] last=69-1 status=ok
  [420/420] last=69-5 status=ok
Wrote 420 request records to /workspace/lfm-serving/results/fp8_cpu3_eager_20260717-174901/results.jsonl and /workspace/lfm-serving/results/fp8_cpu3_eager_20260717-174901/results.csv

=== Summary (scored requests, warmup excluded) ===
  n_requests: 330
  n_errors: 0
  error_rate: 0.0
  ers_mean: 0.13646169213957382
  ers_mean_pct: 13.646169213957382
  ttft_ms_mean: 1525.0881432978945
  ttft_ms_p50: 550.4007386043668
  ttft_ms_p95: 5009.989243559539
  tpot_ms_mean: 12.569756439165802
  tpot_ms_p95: 13.308007850273684
  latency_ms_mean: 3965.929600833492
  latency_ms_p95: 7538.610290363431
  benchmark_duration_s: 338.64489488489926
  prefix_overlap: strong

Summary written to /workspace/lfm-serving/results/fp8_cpu3_eager_20260717-174901/summary.json
