Running trace replay: trace=trace_grading_public.jsonl model=LiquidAI/LFM2.5-1.2B-Instruct base_url=http://127.0.0.1:8000
  prefix_overlap=strong (full body shared per conv_id)
Warning: You are sending unauthenticated requests to the HF Hub. Please set a HF_TOKEN to enable higher rate limits and faster downloads.
  [25/420] last=1-4 status=ok
  [50/420] last=10-1 status=ok
  [75/420] last=16-0 status=ok
  [100/420] last=13-5 status=ok
  [125/420] last=22-0 status=ok
  [150/420] last=26-0 status=ok
  [175/420] last=29-2 status=ok
  [200/420] last=33-3 status=ok
  [225/420] last=37-2 status=ok
  [250/420] last=39-4 status=ok
  [275/420] last=48-2 status=ok
  [300/420] last=48-4 status=ok
  [325/420] last=52-5 status=ok
  [350/420] last=58-2 status=ok
  [375/420] last=62-2 status=ok
  [400/420] last=65-3 status=ok
  [420/420] last=69-5 status=ok
Wrote 420 request records to /workspace/lfm-serving/results/batchtok_288_20260717-100147/results.jsonl and /workspace/lfm-serving/results/batchtok_288_20260717-100147/results.csv

=== Summary (scored requests, warmup excluded) ===
  n_requests: 330
  n_errors: 0
  error_rate: 0.0
  ers_mean: 0.4572548793484937
  ers_mean_pct: 45.72548793484937
  ttft_ms_mean: 123.36066830338854
  ttft_ms_p50: 63.85414581745863
  ttft_ms_p95: 472.3911225795747
  tpot_ms_mean: 5.595947560284465
  tpot_ms_p95: 9.979715883049984
  latency_ms_mean: 1210.19883740016
  latency_ms_p95: 2144.550951849669
  benchmark_duration_s: 333.3468849770725
  prefix_overlap: strong

Summary written to /workspace/lfm-serving/results/batchtok_288_20260717-100147/summary.json
