Running trace replay: trace=trace_grading_public.jsonl model=LiquidAI/LFM2.5-1.2B-Instruct base_url=http://127.0.0.1:8000
  prefix_overlap=weak (shared_prefix_tokens=256)
Warning: You are sending unauthenticated requests to the HF Hub. Please set a HF_TOKEN to enable higher rate limits and faster downloads.
  [25/420] last=0-5 status=ok
  [50/420] last=13-0 status=ok
  [75/420] last=7-4 status=ok
  [100/420] last=19-0 status=ok
  [125/420] last=23-0 status=ok
  [150/420] last=27-0 status=ok
  [175/420] last=28-4 status=ok
  [200/420] last=33-3 status=ok
  [225/420] last=35-5 status=ok
  [250/420] last=47-0 status=ok
  [275/420] last=43-3 status=ok
  [300/420] last=51-2 status=ok
  [325/420] last=51-5 status=ok
  [350/420] last=58-2 status=ok
  [375/420] last=63-1 status=ok
  [400/420] last=67-1 status=ok
  [420/420] last=69-5 status=ok
Wrote 420 request records to /workspace/lfm-serving/results/batchtok_512_20260717-112046/results.jsonl and /workspace/lfm-serving/results/batchtok_512_20260717-112046/results.csv

=== Summary (scored requests, warmup excluded) ===
  n_requests: 330
  n_errors: 0
  error_rate: 0.0
  ers_mean: 0.13730850087562904
  ers_mean_pct: 13.730850087562905
  ttft_ms_mean: 430.69981770646393
  ttft_ms_p50: 295.09647469967604
  ttft_ms_p95: 1018.6757423914972
  tpot_ms_mean: 6.367850363221379
  tpot_ms_p95: 8.346012439517438
  latency_ms_mean: 1667.4845764244144
  latency_ms_p95: 2502.0039197988813
  benchmark_duration_s: 332.81757729686797
  prefix_overlap: weak

Summary written to /workspace/lfm-serving/results/batchtok_512_20260717-112046/summary.json
