Running trace replay: trace=trace_grading_public.jsonl model=LiquidAI/LFM2.5-1.2B-Instruct base_url=http://127.0.0.1:8000
  prefix_overlap=strong (full body shared per conv_id)
Warning: You are sending unauthenticated requests to the HF Hub. Please set a HF_TOKEN to enable higher rate limits and faster downloads.
  [25/420] last=6-0 status=ok
  [50/420] last=10-1 status=ok
  [75/420] last=15-1 status=ok
  [100/420] last=13-5 status=ok
  [125/420] last=22-0 status=ok
  [150/420] last=26-0 status=ok
  [175/420] last=29-2 status=ok
  [200/420] last=33-3 status=ok
  [225/420] last=37-2 status=ok
  [250/420] last=39-4 status=ok
  [275/420] last=48-2 status=ok
  [300/420] last=48-4 status=ok
  [325/420] last=52-5 status=ok
  [350/420] last=55-5 status=ok
  [375/420] last=62-2 status=ok
  [400/420] last=65-3 status=ok
  [420/420] last=69-5 status=ok
Wrote 420 request records to /workspace/lfm-serving/results/best_20260717-084819/results.jsonl and /workspace/lfm-serving/results/best_20260717-084819/results.csv

=== Summary (scored requests, warmup excluded) ===
  n_requests: 330
  n_errors: 0
  error_rate: 0.0
  ers_mean: 0.5074357808348398
  ers_mean_pct: 50.743578083483975
  ttft_ms_mean: 101.84579875433084
  ttft_ms_p50: 58.997053653001785
  ttft_ms_p95: 258.84717255830765
  tpot_ms_mean: 4.792476370457743
  tpot_ms_p95: 8.568376298534272
  latency_ms_mean: 1032.8840802959871
  latency_ms_p95: 1792.8555216640239
  benchmark_duration_s: 332.81671394221485
  prefix_overlap: strong

Summary written to /workspace/lfm-serving/results/best_20260717-084819/summary.json
