Running trace replay: trace=trace_grading_public.jsonl model=LiquidAI/LFM2.5-1.2B-Instruct base_url=http://127.0.0.1:8000
Warning: You are sending unauthenticated requests to the HF Hub. Please set a HF_TOKEN to enable higher rate limits and faster downloads.
  [25/420] last=6-0 status=ok
  [50/420] last=10-1 status=ok
  [75/420] last=16-0 status=ok
  [100/420] last=12-5 status=ok
  [125/420] last=18-5 status=ok
  [150/420] last=24-4 status=ok
  [175/420] last=28-4 status=ok
  [200/420] last=33-3 status=ok
  [225/420] last=36-4 status=ok
  [250/420] last=42-1 status=ok
  [275/420] last=52-0 status=ok
  [300/420] last=51-2 status=ok
  [325/420] last=55-1 status=ok
  [350/420] last=58-2 status=ok
  [375/420] last=62-2 status=ok
  [400/420] last=64-5 status=ok
  [420/420] last=69-5 status=ok
Wrote 420 request records to /workspace/lfm-serving/results/best_20260717-081535/results.jsonl and /workspace/lfm-serving/results/best_20260717-081535/results.csv

=== Summary (scored requests, warmup excluded) ===
  n_requests: 330
  n_errors: 0
  error_rate: 0.0
  ers_mean: 0.24299061388840332
  ers_mean_pct: 24.299061388840332
  ttft_ms_mean: 372.07325676060987
  ttft_ms_p50: 103.99915557354689
  ttft_ms_p95: 1490.2115948498251
  tpot_ms_mean: 7.967511885795436
  tpot_ms_p95: 10.323858387955184
  latency_ms_mean: 1919.1858839130764
  latency_ms_p95: 3124.2116434499626
  benchmark_duration_s: 332.5806332733482

Summary written to /workspace/lfm-serving/results/best_20260717-081535/summary.json
