Running trace replay: trace=trace_grading_public.jsonl model=LiquidAI/LFM2.5-1.2B-Instruct base_url=http://127.0.0.1:8000
  prefix_overlap=strong (full body shared per conv_id)
Warning: You are sending unauthenticated requests to the HF Hub. Please set a HF_TOKEN to enable higher rate limits and faster downloads.
  [25/420] last=4-3 status=ok
  [50/420] last=13-0 status=ok
  [75/420] last=7-4 status=ok
  [100/420] last=12-5 status=ok
  [125/420] last=22-0 status=ok
  [150/420] last=24-4 status=ok
  [175/420] last=28-4 status=ok
  [200/420] last=33-3 status=ok
  [225/420] last=38-1 status=ok
  [250/420] last=42-1 status=ok
  [275/420] last=49-1 status=ok
  [300/420] last=51-2 status=ok
  [325/420] last=51-5 status=ok
  [350/420] last=58-2 status=ok
  [375/420] last=63-1 status=ok
  [400/420] last=67-1 status=ok
  [420/420] last=69-5 status=ok
Wrote 420 request records to /workspace/lfm-serving/results/bnb_w4_20260717-173507/results.jsonl and /workspace/lfm-serving/results/bnb_w4_20260717-173507/results.csv

=== Summary (scored requests, warmup excluded) ===
  n_requests: 330
  n_errors: 0
  error_rate: 0.0
  ers_mean: 0.29276466001008045
  ers_mean_pct: 29.276466001008046
  ttft_ms_mean: 341.10017983299315
  ttft_ms_p50: 103.08617446571589
  ttft_ms_p95: 1266.6900798678403
  tpot_ms_mean: 6.697930369882133
  tpot_ms_p95: 8.941869673217933
  latency_ms_mean: 1643.205966247302
  latency_ms_p95: 2855.8166892267773
  benchmark_duration_s: 331.13251712732017
  prefix_overlap: strong

Summary written to /workspace/lfm-serving/results/bnb_w4_20260717-173507/summary.json
