Running trace replay: trace=trace_grading_public.jsonl model=LiquidAI/LFM2.5-1.2B-Instruct base_url=http://127.0.0.1:8000
  [25/420] last=0-5 status=ok
  [50/420] last=12-0 status=ok
  [75/420] last=14-2 status=ok
  [100/420] last=12-5 status=ok
  [125/420] last=22-0 status=ok
  [150/420] last=22-5 status=ok
  [175/420] last=29-2 status=ok
  [200/420] last=33-3 status=ok
  [225/420] last=37-2 status=ok
  [250/420] last=39-4 status=ok
  [275/420] last=48-2 status=ok
  [300/420] last=48-4 status=ok
  [325/420] last=52-5 status=ok
  [350/420] last=58-2 status=ok
  [375/420] last=62-2 status=ok
  [400/420] last=65-3 status=ok
  [420/420] last=69-5 status=ok
Wrote 420 request records to /workspace/lfm-serving/results/best_20260717-082340/results.jsonl and /workspace/lfm-serving/results/best_20260717-082340/results.csv

=== Summary (scored requests, warmup excluded) ===
  n_requests: 330
  n_errors: 0
  error_rate: 0.0
  ers_mean: 0.447480609252093
  ers_mean_pct: 44.7480609252093
  ttft_ms_mean: 127.23352014454025
  ttft_ms_p50: 59.71566587686539
  ttft_ms_p95: 456.37159394100314
  tpot_ms_mean: 5.544089591637789
  tpot_ms_p95: 8.792135027674378
  latency_ms_mean: 1203.5984105176547
  latency_ms_p95: 2014.751770813018
  benchmark_duration_s: 333.1679463274777

Summary written to /workspace/lfm-serving/results/best_20260717-082340/summary.json
