Running trace replay: trace=trace_grading_public.jsonl model=LiquidAI/LFM2.5-1.2B-Instruct base_url=http://127.0.0.1:8000
  [25/420] last=1-4 status=ok
  [50/420] last=12-0 status=ok
  [75/420] last=16-0 status=ok
  [100/420] last=12-5 status=ok
  [125/420] last=22-0 status=ok
  [150/420] last=26-0 status=ok
  [175/420] last=29-2 status=ok
  [200/420] last=33-3 status=ok
  [225/420] last=37-2 status=ok
  [250/420] last=39-4 status=ok
  [275/420] last=48-2 status=ok
  [300/420] last=48-4 status=ok
  [325/420] last=52-5 status=ok
  [350/420] last=55-5 status=ok
  [375/420] last=62-2 status=ok
  [400/420] last=67-1 status=ok
  [420/420] last=69-5 status=ok
Wrote 420 request records to /workspace/lfm-serving/results/batchtok_128_20260717-071500/results.jsonl and /workspace/lfm-serving/results/batchtok_128_20260717-071500/results.csv

=== Summary (scored requests, warmup excluded) ===
  n_requests: 330
  n_errors: 0
  error_rate: 0.0
  ers_mean: 0.5016630029798186
  ers_mean_pct: 50.166300297981856
  ttft_ms_mean: 146.2509050175096
  ttft_ms_p95: 476.42626222223043
  tpot_ms_mean: 4.2310860149366345
  tpot_ms_p95: 5.643146157226696
  latency_ms_mean: 965.8727723879344
  latency_ms_p95: 1441.7169893160462

Summary written to /workspace/lfm-serving/results/batchtok_128_20260717-071500/summary.json
