Warning: You are sending unauthenticated requests to the HF Hub. Please set a HF_TOKEN to enable higher rate limits and faster downloads.
  [25/420] last=1-4 status=ok
  [50/420] last=9-1 status=ok
  [75/420] last=9-4 status=ok
  [100/420] last=17-2 status=ok
  [125/420] last=22-0 status=ok
  [150/420] last=23-5 status=ok
  [175/420] last=29-2 status=ok
  [200/420] last=32-4 status=ok
  [225/420] last=37-2 status=ok
  [250/420] last=40-3 status=ok
  [275/420] last=48-2 status=ok
  [300/420] last=48-4 status=ok
  [325/420] last=54-1 status=ok
  [350/420] last=56-4 status=ok
  [375/420] last=63-1 status=ok
  [400/420] last=67-1 status=ok
  [420/420] last=69-5 status=ok
Running trace replay: trace=/content/lfm-serving/trace_grading_spec_v2.jsonl model=LFM2.5-1.2B-Instruct tokenizer_model=LiquidAI/LFM2.5-1.2B-Instruct base_url=http://127.0.0.1:8000
  prefix_overlap=strong (full body shared per conv_id)
Wrote 420 request records to /content/lfm-serving/results/fp8_h200shape_g4local_20260725-043256/results.jsonl and /content/lfm-serving/results/fp8_h200shape_g4local_20260725-043256/results.csv

=== Summary (scored requests, warmup excluded) ===
  n_requests: 420
  n_errors: 0
  error_rate: 0.0
  ers_mean: 0.8669940391585188
  ers_mean_pct: 86.69940391585187
  ttft_ms_mean: 33.01998078095169
  ttft_ms_p50: 27.168350000010832
  ttft_ms_p95: 37.474759950305256
  tpot_ms_mean: 1.78747323160944
  tpot_ms_p95: 1.9403150791521702
  latency_ms_mean: 555.1825184166622
  latency_ms_p95: 592.7309996495978
  benchmark_duration_s: 323.9583750759998
  prefix_overlap: strong

Summary written to /content/lfm-serving/results/fp8_h200shape_g4local_20260725-043256/summary.json
