Warning: You are sending unauthenticated requests to the HF Hub. Please set a HF_TOKEN to enable higher rate limits and faster downloads.
  [25/420] last=3-2 status=ok
  [50/420] last=13-1 status=ok
  [75/420] last=9-4 status=ok
  [100/420] last=17-2 status=ok
  [125/420] last=22-0 status=ok
  [150/420] last=23-5 status=ok
  [175/420] last=29-2 status=ok
  [200/420] last=32-4 status=ok
  [225/420] last=37-2 status=ok
  [250/420] last=40-3 status=ok
  [275/420] last=48-2 status=ok
  [300/420] last=48-4 status=ok
  [325/420] last=54-1 status=ok
  [350/420] last=56-4 status=ok
  [375/420] last=63-1 status=ok
  [400/420] last=67-1 status=ok
  [420/420] last=69-5 status=ok
Running trace replay: trace=/content/lfm-serving/trace_grading_spec_v2.jsonl model=LFM2.5-1.2B-Instruct tokenizer_model=LiquidAI/LFM2.5-1.2B-Instruct base_url=http://127.0.0.1:8000
  prefix_overlap=strong (full body shared per conv_id)
Wrote 420 request records to /content/lfm-serving/results/fp8_h200shape_g4local_20260725-042215/results.jsonl and /content/lfm-serving/results/fp8_h200shape_g4local_20260725-042215/results.csv

=== Summary (scored requests, warmup excluded) ===
  n_requests: 420
  n_errors: 0
  error_rate: 0.0
  ers_mean: 0.8597912672823048
  ers_mean_pct: 85.97912672823048
  ttft_ms_mean: 370.6486766500001
  ttft_ms_p50: 24.11349050021272
  ttft_ms_p95: 34.98928949982201
  tpot_ms_mean: 1.8892399434704727
  tpot_ms_p95: 2.094830583050834
  latency_ms_mean: 922.1697304047525
  latency_ms_p95: 651.5493320498763
  benchmark_duration_s: 324.04197156600003
  prefix_overlap: strong

Summary written to /content/lfm-serving/results/fp8_h200shape_g4local_20260725-042215/summary.json
