Running trace replay: trace=trace_grading_public.jsonl model=LiquidAI/LFM2.5-1.2B-Instruct base_url=http://127.0.0.1:8000
  prefix_overlap=strong (full body shared per conv_id)
Warning: You are sending unauthenticated requests to the HF Hub. Please set a HF_TOKEN to enable higher rate limits and faster downloads.
  [25/420] last=6-0 status=ok
  [50/420] last=10-1 status=ok
  [75/420] last=15-1 status=ok
  [100/420] last=13-5 status=ok
  [125/420] last=22-0 status=ok
  [150/420] last=26-0 status=ok
  [175/420] last=29-2 status=ok
  [200/420] last=33-3 status=ok
  [225/420] last=37-2 status=ok
  [250/420] last=39-4 status=ok
  [275/420] last=48-2 status=ok
  [300/420] last=48-4 status=ok
  [325/420] last=52-5 status=ok
  [350/420] last=55-5 status=ok
  [375/420] last=63-1 status=ok
  [400/420] last=67-1 status=ok
  [420/420] last=69-5 status=ok
Wrote 420 request records to /workspace/lfm-serving/results/best_20260717-092312/results.jsonl and /workspace/lfm-serving/results/best_20260717-092312/results.csv

=== Summary (scored requests, warmup excluded) ===
  n_requests: 330
  n_errors: 0
  error_rate: 0.0
  ers_mean: 0.5503020795969555
  ers_mean_pct: 55.03020795969555
  ttft_ms_mean: 90.62912183051759
  ttft_ms_p50: 57.09252692759037
  ttft_ms_p95: 239.5510514266789
  tpot_ms_mean: 4.083977965277142
  tpot_ms_p95: 4.88929528083357
  latency_ms_mean: 884.0673441349556
  latency_ms_p95: 1078.860268369317
  benchmark_duration_s: 328.1083834283054
  prefix_overlap: strong

Summary written to /workspace/lfm-serving/results/best_20260717-092312/summary.json
